../Core/Src/main.c:80:6:init_parameters	72	static
../Core/Src/main.c:142:5:main	8	static
../Core/Src/main.c:210:6:SystemClock_Config	96	static
../Core/Src/main.c:262:13:MX_TIM3_Init	48	static
../Core/Src/main.c:315:13:MX_TIM4_Init	48	static
../Core/Src/main.c:363:13:MX_TIM16_Init	24	static
../Core/Src/main.c:409:13:MX_UART4_Init	8	static
../Core/Src/main.c:444:13:MX_USART3_UART_Init	8	static
../Core/Src/main.c:479:13:MX_GPIO_Init	24	static
../Core/Src/main.c:497:6:Error_Handler	4	static,ignoring_inline_asm
